// Jest Snapshot v1, https://goo.gl/fbAQLP

exports[`Worm It renders 1`] = `
<img
  src="worm.svg"
/>
`;
