// Jest Snapshot v1, https://goo.gl/fbAQLP

exports[`App It renders 1`] = `
<div>
  <h1>
    test-project
  </h1>
</div>
`;
